OLUTION: [5, 7, 15, 16, 2, 8, 11, 9, 1, 6, 14, 3, 4, 13, 12, 10]