10, 1, 25, 18, 7
20, 14, 17, 8, 6,
16, 13, 15, 24, 22
23, 5, 12, 11, 19
2, 4, 21, 9, 3