23, 18, 38, 39, 34, 19, 13, 27
7, 16, 4, 30, 31, 25, 2, 1
37, 40, 6, 10, 26, 32, 5, 24
36, 29, 22, 33, 9, 3, 14, 20
21, 15, 35, 8, 17, 12, 28, 11