70, 68, 22, 38, 37, 67, 25, 39
44, 26, 11, 16, 56, 69, 27, 64
6, 40, 63, 57, 28, 31, 30, 21
4, 32, 24, 33, 20, 3, 9, 36
19, 42, 17, 71, 12, 15, 8, 59
55, 72, 35, 13, 54, 41, 7, 10
51, 52, 66, 5, 46, 2, 45, 50
14, 49, 62, 29, 65, 58, 61, 1
18, 43, 53, 47, 48, 34, 23, 60