17, 5, 13, 32, 7, 19, 15
10, 6, 8, 11, 22, 31, 34
18, 26, 28, 4, 9, 30, 12
24, 16, 29, 25, 23, 2, 33
27, 21, 14, 1, 3, 35, 20